// Jest Snapshot v1, https://goo.gl/fbAQLP

exports[`Loading should render 1`] = `
<styled.span
  color="black"
>
  Loading...
</styled.span>
`;
