// Jest Snapshot v1, https://goo.gl/fbAQLP

exports[`LoadingFullscreen should render 1`] = `
<styled.div
  background="rgba(255, 255, 255, 0.6)"
>
  <styled.div
    color="primary"
    size="75px"
  />
</styled.div>
`;

exports[`LoadingFullscreen should render styled 1`] = `
.c0 {
  background-color: rgba(255,255,255,0.6);
  position: absolute;
  top: 0;
  bottom: 0;
  left: 0;
  right: 0;
  z-index: 1000;
  display: -webkit-box;
  display: -webkit-flex;
  display: -ms-flexbox;
  display: flex;
  -webkit-align-items: center;
  -webkit-box-align: center;
  -ms-flex-align: center;
  align-items: center;
  -webkit-box-pack: center;
  -webkit-justify-content: center;
  -ms-flex-pack: center;
  justify-content: center;
}

<div
  className="c0"
/>
`;
