// Jest Snapshot v1, https://goo.gl/fbAQLP

exports[`should render a Col 1`] = `
.c0 {
  box-sizing: border-box;
  -webkit-flex: 0 0 auto;
  -ms-flex: 0 0 auto;
  flex: 0 0 auto;
  max-width: 100%;
  padding: 0 15px;
  -webkit-flex-basis: 20px;
  -ms-flex-preferred-size: 20px;
  flex-basis: 20px;
  max-width: 20px;
}

<div
  className="c0"
  size="20px"
/>
`;

exports[`should render a Row 1`] = `
.c0 {
  display: -webkit-box;
  display: -webkit-flex;
  display: -ms-flexbox;
  display: flex;
  -webkit-flex-wrap: wrap;
  -ms-flex-wrap: wrap;
  flex-wrap: wrap;
  -webkit-box-pack: start;
  -webkit-justify-content: flex-start;
  -ms-flex-pack: start;
  justify-content: flex-start;
}

<div
  className="c0"
/>
`;
