// Jest Snapshot v1, https://goo.gl/fbAQLP

exports[`ErrorStyled should render 1`] = `
.c0 {
  color: #f46363;
  font-size: 13px;
}

<span
  className="c0"
/>
`;
