// Jest Snapshot v1, https://goo.gl/fbAQLP

exports[`Header should render 1`] = `
<styled.nav>
  <jest-stub />
  <styled.h1 />
</styled.nav>
`;
