// Jest Snapshot v1, https://goo.gl/fbAQLP

exports[`Header styled should render 1`] = `
.c0 {
  background-color: #00b7ce;
  height: 36px;
  padding: 10px;
  box-shadow: 0 0px 12px 0px #0006;
}

<nav
  className="c0"
/>
`;
