// Jest Snapshot v1, https://goo.gl/fbAQLP

exports[`ButtonMore should render 1`] = `
.c0 {
  font-weight: bold;
  text-transform: uppercase;
  box-shadow: 0 0 4px rgba(0,0,0,.14),0 4px 8px rgba(0,0,0,.28);
}

<Button
  className="c0"
  color="primary"
  loading={false}
  onClick={null}
  type="button"
>
  more
</Button>
`;
