// Jest Snapshot v1, https://goo.gl/fbAQLP

exports[`ButtonStyled should render 1`] = `
.c0 {
  padding: 0.5rem 1rem;
  color: #fff;
  display: inline-block;
  text-align: center;
  white-space: nowrap;
  vertical-align: middle;
  -webkit-user-select: none;
  -moz-user-select: none;
  -ms-user-select: none;
  user-select: none;
  border: 1px solid;
  border-radius: 2px;
}

.c0:focus,
.c0:hover {
  -webkit-text-decoration: none;
  text-decoration: none;
  background-image: linear-gradient(transparent,rgba(0,0,0,.05) 40%,rgba(0,0,0,.1));
}

.c0:focus {
  outline: none;
}

.c0.disabled,
.c0:disabled {
  opacity: .65;
  box-shadow: none;
}

.c0:not([disabled]):not(.disabled) {
  cursor: pointer;
}

<button
  className="c0"
>
  Ok
</button>
`;
