// Jest Snapshot v1, https://goo.gl/fbAQLP

exports[`SelectStyled should render 1`] = `
.c0 {
  -webkit-appearance: none;
  -moz-appearance: none;
  -webkit-appearance: none;
  -moz-appearance: none;
  appearance: none;
}

<styled.select
  className="c0"
  type="text"
/>
`;
