// Jest Snapshot v1, https://goo.gl/fbAQLP

exports[`GridStyled should render edit icon 1`] = `
.c0 {
  fill: #777;
  width: 16px;
  height: 16px;
  padding: 5px;
  margin: 0 2px;
}

.c0:hover,
.c0:active {
  cursor: pointer;
  fill: #333;
}

<jest-stub
  className="c0"
/>
`;

exports[`GridStyled should render finish icon 1`] = `
.c0 {
  fill: #777;
  width: 16px;
  height: 16px;
  padding: 5px;
  margin: 0 2px;
}

.c0:hover,
.c0:active {
  cursor: pointer;
  fill: #333;
}

<jest-stub
  className="c0"
/>
`;

exports[`GridStyled should render grid 1`] = `
.c0 {
  display: -webkit-box;
  display: -webkit-flex;
  display: -ms-flexbox;
  display: flex;
  -webkit-flex-direction: column;
  -ms-flex-direction: column;
  flex-direction: column;
}

<div
  className="c0"
/>
`;

exports[`GridStyled should render grid item 1`] = `
.c0 {
  display: -webkit-box;
  display: -webkit-flex;
  display: -ms-flexbox;
  display: flex;
  -webkit-box-pack: justify;
  -webkit-justify-content: space-between;
  -ms-flex-pack: justify;
  justify-content: space-between;
  -webkit-align-items: center;
  -webkit-box-align: center;
  -ms-flex-align: center;
  align-items: center;
  padding: 6px 12px;
  border-bottom: 1px solid #e0e0e0;
  font-size: 14px;
  position: relative;
}

.c0 .grid-actions {
  display: -webkit-box;
  display: -webkit-flex;
  display: -ms-flexbox;
  display: flex;
  visibility: hidden;
}

.c0:hover .grid-actions {
  visibility: visible;
}

<div
  className="c0"
/>
`;

exports[`GridStyled should render remove icon 1`] = `
.c0 {
  fill: #777;
  width: 16px;
  height: 16px;
  padding: 5px;
  margin: 0 2px;
}

.c0:hover,
.c0:active {
  cursor: pointer;
  fill: #333;
}

<jest-stub
  className="c0"
/>
`;
