// Jest Snapshot v1, https://goo.gl/fbAQLP

exports[`withFormGroup should render 1`] = `
<C
  component={[Function]}
/>
`;
