// Jest Snapshot v1, https://goo.gl/fbAQLP

exports[`AsyncImport should render 1`] = `<Component />`;
